// Vitest Snapshot v1, https://vitest.dev/guide/snapshot.html

exports[`algorithm > shuffle 1`] = `
[
  4,
  7,
  3,
  5,
  0,
  8,
  9,
  2,
  1,
  6,
]
`;

exports[`algorithm > shuffle2D 1`] = `
[
  [
    5,
  ],
  [
    1,
  ],
  [
    7,
  ],
  [
    4,
  ],
  [
    9,
  ],
  [
    2,
  ],
  [
    0,
  ],
  [
    6,
  ],
  [
    3,
  ],
  [
    8,
  ],
]
`;

exports[`algorithm > shuffle2D 2`] = `
[
  [
    9,
  ],
  [
    3,
    4,
  ],
  [
    8,
    6,
    5,
  ],
  [
    2,
    1,
    7,
  ],
]
`;

exports[`minesweeper > createMines 1`] = `
[
  [
    {
      "bombsAround": 0,
      "clickable": "ok",
      "col": 0,
      "revealed": false,
      "row": 0,
      "type": "normal",
    },
    {
      "bombsAround": 2,
      "clickable": "ok",
      "col": 1,
      "revealed": false,
      "row": 0,
      "type": "normal",
    },
    {
      "bombsAround": 1,
      "clickable": "ok",
      "col": 2,
      "revealed": false,
      "row": 0,
      "type": "bomb",
    },
  ],
  [
    {
      "bombsAround": 1,
      "clickable": "ok",
      "col": 0,
      "revealed": false,
      "row": 1,
      "type": "normal",
    },
    {
      "bombsAround": 3,
      "clickable": "ok",
      "col": 1,
      "revealed": false,
      "row": 1,
      "type": "normal",
    },
    {
      "bombsAround": 1,
      "clickable": "ok",
      "col": 2,
      "revealed": false,
      "row": 1,
      "type": "bomb",
    },
  ],
  [
    {
      "bombsAround": 2,
      "clickable": "ok",
      "col": 0,
      "revealed": false,
      "row": 2,
      "type": "bomb",
    },
    {
      "bombsAround": 4,
      "clickable": "ok",
      "col": 1,
      "revealed": false,
      "row": 2,
      "type": "normal",
    },
    {
      "bombsAround": 2,
      "clickable": "ok",
      "col": 2,
      "revealed": false,
      "row": 2,
      "type": "normal",
    },
  ],
  [
    {
      "bombsAround": 2,
      "clickable": "ok",
      "col": 0,
      "revealed": false,
      "row": 3,
      "type": "bomb",
    },
    {
      "bombsAround": 2,
      "clickable": "ok",
      "col": 1,
      "revealed": false,
      "row": 3,
      "type": "bomb",
    },
    {
      "bombsAround": 1,
      "clickable": "ok",
      "col": 2,
      "revealed": false,
      "row": 3,
      "type": "normal",
    },
  ],
]
`;
